// Jest Snapshot v1, https://goo.gl/fbAQLP

exports[`<Page404 /> should render successfully and match snapshot 1`] = `
<div>
  <nav
    class="LinkField"
  >
    <a
      aria-current="page"
      class="Link active"
      data-testid="login-link"
      href="/"
    >
      <span>
        Login
      </span>
    </a>
    <a
      class="Link"
      data-testid="about-link"
      href="/about"
    >
      <span>
        About
      </span>
    </a>
    <a
      class="Link"
      data-testid="order-link"
      href="/order"
    >
      <span>
        Order
      </span>
    </a>
  </nav>
  <main>
    <h2>
      Такой страницы здесь нет
    </h2>
  </main>
</div>
`;
